// Jest Snapshot v1, https://goo.gl/fbAQLP

exports[`Given an App component When it renders Then the it matches the snapshot 1`] = `
<div
  data-v-app=""
>
  
  <!---->
  <!--v-if-->
  
</div>
`;
