// Jest Snapshot v1, https://goo.gl/fbAQLP

exports[`Given a BoardEdit component When it is rendered Then the it matches the snapshot 1`] = `
<div
  class="modal-edit-board modal-edit-board--day-mode"
>
  <div
    class="board-edit-modal board-edit-modal--day-mode"
  >
    <svg
      aria-hidden="true"
      class="svg-inline--fa fa-times fa-w-11 form__icon-close"
      data-icon="times"
      data-prefix="fas"
      focusable="false"
      role="img"
      viewBox="0 0 352 512"
      xmlns="http://www.w3.org/2000/svg"
    >
      <path
        class=""
        d="M242.72 256l100.07-100.07c12.28-12.28 12.28-32.19 0-44.48l-22.24-22.24c-12.28-12.28-32.19-12.28-44.48 0L176 189.28 75.93 89.21c-12.28-12.28-32.19-12.28-44.48 0L9.21 111.45c-12.28 12.28-12.28 32.19 0 44.48L109.28 256 9.21 356.07c-12.28 12.28-12.28 32.19 0 44.48l22.24 22.24c12.28 12.28 32.2 12.28 44.48 0L176 322.72l100.07 100.07c12.28 12.28 32.2 12.28 44.48 0l22.24-22.24c12.28-12.28 12.28-32.19 0-44.48L242.72 256z"
        fill="currentColor"
      />
    </svg>
    <h2
      class="board-edit-modal__title"
    >
      Edit the board name
    </h2>
    <form
      autocomplete="off"
      class="board-edit-form"
    >
      <div
        class="board-edit-form__name"
      >
        <label
          class="board-edit-form__label"
          for="newBoardName"
        >
          Name
        </label>
        <input
          class="board-edit-form__input"
          id="newBoardName"
          placeholder="New board name"
          type="text"
        />
      </div>
      <button
        class="board-edit-form__button board-edit-form__button--day-mode"
        disabled=""
        type="submit"
      >
         Edit 
      </button>
    </form>
  </div>
</div>
`;
